// Jest Snapshot v1, https://goo.gl/fbAQLP

exports[`Pipeline stack matches template 1`] = `Object {}`;
